exports[`test search snapshot test 1`] = `
<div
  className="search">
  <header>
    <h1>
      Cool Video Project
    </h1>
    <input
      onChange={[Function]}
      placeholder="Search"
      type="text"
      value="this is the default string" />
  </header>
  <div />
</div>
`;
